error: unexpected argument '-x' found

Usage: wikijs-cli --url <URL> --key <KEY> <COMMAND>

For more information, try '--help'.
